
> my-app@0.0.0 build
> tsc -b && vite build

src/components/pdf/PDFViewer.tsx(28,22): error TS2345: Argument of type 'number | undefined' is not assignable to parameter of type 'SetStateAction<number>'.
  Type 'undefined' is not assignable to type 'SetStateAction<number>'.
src/components/pdf/PDFViewer.tsx(29,21): error TS18048: 'document.endPage' is possibly 'undefined'.
src/components/pdf/PDFViewer.tsx(29,40): error TS18048: 'document.startPage' is possibly 'undefined'.
src/components/pdf/PDFViewer.tsx(38,25): error TS18048: 'document.startPage' is possibly 'undefined'.
src/components/pdf/PDFViewer.tsx(50,25): error TS18048: 'document.endPage' is possibly 'undefined'.
src/components/pdf/PDFViewer.tsx(77,21): error TS18048: 'document.startPage' is possibly 'undefined'.
src/components/pdf/PDFViewer.tsx(80,7): error TS18048: 'document.endPage' is possibly 'undefined'.
src/components/pdf/PDFViewer.tsx(80,26): error TS18048: 'document.startPage' is possibly 'undefined'.
src/components/pdf/PDFViewer.tsx(94,53): error TS18048: 'document.startPage' is possibly 'undefined'.
src/components/pdf/PDFViewer.tsx(105,53): error TS18048: 'document.endPage' is possibly 'undefined'.
src/pages/SignDocumentPage.tsx(70,27): error TS2345: Argument of type 'boolean | undefined' is not assignable to parameter of type 'SetStateAction<boolean>'.
  Type 'undefined' is not assignable to type 'SetStateAction<boolean>'.
src/pages/SignDocumentPage.tsx(71,26): error TS2345: Argument of type 'string | undefined' is not assignable to parameter of type 'SetStateAction<string | null>'.
  Type 'undefined' is not assignable to type 'SetStateAction<string | null>'.
src/pages/UploadDocumentPage.tsx(7,1): error TS6133: 'Input' is declared but its value is never read.
src/pages/UploadDocumentPage.tsx(15,5): error TS6133: 'Camera' is declared but its value is never read.
src/pages/UploadDocumentPage.tsx(236,100): error TS2345: Argument of type 'RefObject<HTMLInputElement | null>' is not assignable to parameter of type 'RefObject<HTMLInputElement>'.
  Type 'HTMLInputElement | null' is not assignable to type 'HTMLInputElement'.
    Type 'null' is not assignable to type 'HTMLInputElement'.
src/pages/UploadDocumentPage.tsx(281,99): error TS2345: Argument of type 'RefObject<HTMLInputElement | null>' is not assignable to parameter of type 'RefObject<HTMLInputElement>'.
  Type 'HTMLInputElement | null' is not assignable to type 'HTMLInputElement'.
    Type 'null' is not assignable to type 'HTMLInputElement'.
src/pages/UploadDocumentPage.tsx(334,97): error TS2345: Argument of type 'RefObject<HTMLInputElement | null>' is not assignable to parameter of type 'RefObject<HTMLInputElement>'.
  Type 'HTMLInputElement | null' is not assignable to type 'HTMLInputElement'.
    Type 'null' is not assignable to type 'HTMLInputElement'.
src/pages/UserPanelPage.tsx(18,21): error TS6133: 'getDocumentSignUrl' is declared but its value is never read.
